C:\Users\Admin\Downloads\Behavedr-main\Behavedr-main\src\Behavedr.Core\Security\SignerTrustService.cs(91,24): error SYSLIB0057: 'X509Certificate.CreateFromSignedFile(string)' is obsolete: 'Loading certificate data through the constructor or Import is obsolete. Use X509CertificateLoader instead to load certificates.' (https://aka.ms/dotnet-warnings/SYSLIB0057) [C:\Users\Admin\Downloads\Behavedr-main\Behavedr-main\src\Behavedr.Core\Behavedr.Core.csproj]
C:\Users\Admin\Downloads\Behavedr-main\Behavedr-main\src\Behavedr.Core\Security\SignerTrustService.cs(94,32): error CS1503: Argument 1: cannot convert from 'System.Security.Cryptography.X509Certificates.X509Certificate' to 'System.Security.Cryptography.X509Certificates.X509Certificate2' [C:\Users\Admin\Downloads\Behavedr-main\Behavedr-main\src\Behavedr.Core\Behavedr.Core.csproj]
C:\Users\Admin\Downloads\Behavedr-main\Behavedr-main\src\Behavedr.Core\Monitors\LsassDumpMonitor.cs(62,29): error CS1069: The type name 'EventLogQuery' could not be found in the namespace 'System.Diagnostics.Eventing.Reader'. This type has been forwarded to assembly 'System.Diagnostics.EventLog, Version=0.0.0.0, Culture=neutral, PublicKeyToken=cc7b13ffcd2ddd51' Consider adding a reference to that assembly. [C:\Users\Admin\Downloads\Behavedr-main\Behavedr-main\src\Behavedr.Core\Behavedr.Core.csproj]
C:\Users\Admin\Downloads\Behavedr-main\Behavedr-main\src\Behavedr.Core\Monitors\LsassDumpMonitor.cs(64,17): error CS0103: The name 'PathType' does not exist in the current context [C:\Users\Admin\Downloads\Behavedr-main\Behavedr-main\src\Behavedr.Core\Behavedr.Core.csproj]
C:\Users\Admin\Downloads\Behavedr-main\Behavedr-main\src\Behavedr.Core\Monitors\LsassDumpMonitor.cs(67,36): error CS1069: The type name 'EventLogReader' could not be found in the namespace 'System.Diagnostics.Eventing.Reader'. This type has been forwarded to assembly 'System.Diagnostics.EventLog, Version=0.0.0.0, Culture=neutral, PublicKeyToken=cc7b13ffcd2ddd51' Consider adding a reference to that assembly. [C:\Users\Admin\Downloads\Behavedr-main\Behavedr-main\src\Behavedr.Core\Behavedr.Core.csproj]
C:\Users\Admin\Downloads\Behavedr-main\Behavedr-main\src\Behavedr.Core\Monitors\LsassDumpMonitor.cs(68,13): error CS1069: The type name 'EventRecord' could not be found in the namespace 'System.Diagnostics.Eventing.Reader'. This type has been forwarded to assembly 'System.Diagnostics.EventLog, Version=0.0.0.0, Culture=neutral, PublicKeyToken=cc7b13ffcd2ddd51' Consider adding a reference to that assembly. [C:\Users\Admin\Downloads\Behavedr-main\Behavedr-main\src\Behavedr.Core\Behavedr.Core.csproj]
C:\Users\Admin\Downloads\Behavedr-main\Behavedr-main\src\Behavedr.Core\Monitors\LsassDumpMonitor.cs(71,24): error CS1674: 'EventRecord?': type used in a using statement must implement 'System.IDisposable'. [C:\Users\Admin\Downloads\Behavedr-main\Behavedr-main\src\Behavedr.Core\Behavedr.Core.csproj]
C:\Users\Admin\Downloads\Behavedr-main\Behavedr-main\src\Behavedr.Core\Monitors\LsassDumpMonitor.cs(73,32): error CS1061: 'EventRecord?' does not contain a definition for 'TimeCreated' and no accessible extension method 'TimeCreated' accepting a first argument of type 'EventRecord?' could be found (are you missing a using directive or an assembly reference?) [C:\Users\Admin\Downloads\Behavedr-main\Behavedr-main\src\Behavedr.Core\Behavedr.Core.csproj]
C:\Users\Admin\Downloads\Behavedr-main\Behavedr-main\src\Behavedr.Core\Monitors\LsassDumpMonitor.cs(75,38): error CS1061: 'EventRecord?' does not contain a definition for 'ToXml' and no accessible extension method 'ToXml' accepting a first argument of type 'EventRecord?' could be found (are you missing a using directive or an assembly reference?) [C:\Users\Admin\Downloads\Behavedr-main\Behavedr-main\src\Behavedr.Core\Behavedr.Core.csproj]
C:\Users\Admin\Downloads\Behavedr-main\Behavedr-main\src\Behavedr.Core\Monitors\LsassDumpMonitor.cs(109,16): error CS1069: The type name 'EventLogNotFoundException' could not be found in the namespace 'System.Diagnostics.Eventing.Reader'. This type has been forwarded to assembly 'System.Diagnostics.EventLog, Version=0.0.0.0, Culture=neutral, PublicKeyToken=cc7b13ffcd2ddd51' Consider adding a reference to that assembly. [C:\Users\Admin\Downloads\Behavedr-main\Behavedr-main\src\Behavedr.Core\Behavedr.Core.csproj]
C:\Users\Admin\Downloads\Behavedr-main\Behavedr-main\src\Behavedr.Core\Monitors\LsassDumpMonitor.cs(124,29): error CS1069: The type name 'EventLogQuery' could not be found in the namespace 'System.Diagnostics.Eventing.Reader'. This type has been forwarded to assembly 'System.Diagnostics.EventLog, Version=0.0.0.0, Culture=neutral, PublicKeyToken=cc7b13ffcd2ddd51' Consider adding a reference to that assembly. [C:\Users\Admin\Downloads\Behavedr-main\Behavedr-main\src\Behavedr.Core\Behavedr.Core.csproj]
C:\Users\Admin\Downloads\Behavedr-main\Behavedr-main\src\Behavedr.Core\Monitors\LsassDumpMonitor.cs(124,55): error CS0103: The name 'PathType' does not exist in the current context [C:\Users\Admin\Downloads\Behavedr-main\Behavedr-main\src\Behavedr.Core\Behavedr.Core.csproj]
C:\Users\Admin\Downloads\Behavedr-main\Behavedr-main\src\Behavedr.Core\Monitors\LsassDumpMonitor.cs(127,36): error CS1069: The type name 'EventLogReader' could not be found in the namespace 'System.Diagnostics.Eventing.Reader'. This type has been forwarded to assembly 'System.Diagnostics.EventLog, Version=0.0.0.0, Culture=neutral, PublicKeyToken=cc7b13ffcd2ddd51' Consider adding a reference to that assembly. [C:\Users\Admin\Downloads\Behavedr-main\Behavedr-main\src\Behavedr.Core\Behavedr.Core.csproj]
C:\Users\Admin\Downloads\Behavedr-main\Behavedr-main\src\Behavedr.Core\Monitors\LsassDumpMonitor.cs(128,13): error CS1069: The type name 'EventRecord' could not be found in the namespace 'System.Diagnostics.Eventing.Reader'. This type has been forwarded to assembly 'System.Diagnostics.EventLog, Version=0.0.0.0, Culture=neutral, PublicKeyToken=cc7b13ffcd2ddd51' Consider adding a reference to that assembly. [C:\Users\Admin\Downloads\Behavedr-main\Behavedr-main\src\Behavedr.Core\Behavedr.Core.csproj]
C:\Users\Admin\Downloads\Behavedr-main\Behavedr-main\src\Behavedr.Core\Monitors\LsassDumpMonitor.cs(131,24): error CS1674: 'EventRecord?': type used in a using statement must implement 'System.IDisposable'. [C:\Users\Admin\Downloads\Behavedr-main\Behavedr-main\src\Behavedr.Core\Behavedr.Core.csproj]
C:\Users\Admin\Downloads\Behavedr-main\Behavedr-main\src\Behavedr.Core\Monitors\LsassDumpMonitor.cs(133,38): error CS1061: 'EventRecord?' does not contain a definition for 'ToXml' and no accessible extension method 'ToXml' accepting a first argument of type 'EventRecord?' could be found (are you missing a using directive or an assembly reference?) [C:\Users\Admin\Downloads\Behavedr-main\Behavedr-main\src\Behavedr.Core\Behavedr.Core.csproj]
C:\Users\Admin\Downloads\Behavedr-main\Behavedr-main\src\Behavedr.Core\Monitors\LsassDumpMonitor.cs(156,29): error CS1069: The type name 'EventLogQuery' could not be found in the namespace 'System.Diagnostics.Eventing.Reader'. This type has been forwarded to assembly 'System.Diagnostics.EventLog, Version=0.0.0.0, Culture=neutral, PublicKeyToken=cc7b13ffcd2ddd51' Consider adding a reference to that assembly. [C:\Users\Admin\Downloads\Behavedr-main\Behavedr-main\src\Behavedr.Core\Behavedr.Core.csproj]
C:\Users\Admin\Downloads\Behavedr-main\Behavedr-main\src\Behavedr.Core\Monitors\LsassDumpMonitor.cs(158,17): error CS0103: The name 'PathType' does not exist in the current context [C:\Users\Admin\Downloads\Behavedr-main\Behavedr-main\src\Behavedr.Core\Behavedr.Core.csproj]
C:\Users\Admin\Downloads\Behavedr-main\Behavedr-main\src\Behavedr.Core\Monitors\LsassDumpMonitor.cs(161,36): error CS1069: The type name 'EventLogReader' could not be found in the namespace 'System.Diagnostics.Eventing.Reader'. This type has been forwarded to assembly 'System.Diagnostics.EventLog, Version=0.0.0.0, Culture=neutral, PublicKeyToken=cc7b13ffcd2ddd51' Consider adding a reference to that assembly. [C:\Users\Admin\Downloads\Behavedr-main\Behavedr-main\src\Behavedr.Core\Behavedr.Core.csproj]
C:\Users\Admin\Downloads\Behavedr-main\Behavedr-main\src\Behavedr.Core\Monitors\LsassDumpMonitor.cs(162,13): error CS1069: The type name 'EventRecord' could not be found in the namespace 'System.Diagnostics.Eventing.Reader'. This type has been forwarded to assembly 'System.Diagnostics.EventLog, Version=0.0.0.0, Culture=neutral, PublicKeyToken=cc7b13ffcd2ddd51' Consider adding a reference to that assembly. [C:\Users\Admin\Downloads\Behavedr-main\Behavedr-main\src\Behavedr.Core\Behavedr.Core.csproj]
C:\Users\Admin\Downloads\Behavedr-main\Behavedr-main\src\Behavedr.Core\Monitors\LsassDumpMonitor.cs(165,24): error CS1674: 'EventRecord?': type used in a using statement must implement 'System.IDisposable'. [C:\Users\Admin\Downloads\Behavedr-main\Behavedr-main\src\Behavedr.Core\Behavedr.Core.csproj]
C:\Users\Admin\Downloads\Behavedr-main\Behavedr-main\src\Behavedr.Core\Monitors\LsassDumpMonitor.cs(167,38): error CS1061: 'EventRecord?' does not contain a definition for 'ToXml' and no accessible extension method 'ToXml' accepting a first argument of type 'EventRecord?' could be found (are you missing a using directive or an assembly reference?) [C:\Users\Admin\Downloads\Behavedr-main\Behavedr-main\src\Behavedr.Core\Behavedr.Core.csproj]
C:\Users\Admin\Downloads\Behavedr-main\Behavedr-main\src\Behavedr.Core\Monitors\LsassDumpMonitor.cs(170,50): error CS1061: 'EventRecord?' does not contain a definition for 'TimeCreated' and no accessible extension method 'TimeCreated' accepting a first argument of type 'EventRecord?' could be found (are you missing a using directive or an assembly reference?) [C:\Users\Admin\Downloads\Behavedr-main\Behavedr-main\src\Behavedr.Core\Behavedr.Core.csproj]

Build FAILED.

C:\Users\Admin\Downloads\Behavedr-main\Behavedr-main\src\Behavedr.Core\Security\SignerTrustService.cs(91,24): error SYSLIB0057: 'X509Certificate.CreateFromSignedFile(string)' is obsolete: 'Loading certificate data through the constructor or Import is obsolete. Use X509CertificateLoader instead to load certificates.' (https://aka.ms/dotnet-warnings/SYSLIB0057) [C:\Users\Admin\Downloads\Behavedr-main\Behavedr-main\src\Behavedr.Core\Behavedr.Core.csproj]
C:\Users\Admin\Downloads\Behavedr-main\Behavedr-main\src\Behavedr.Core\Security\SignerTrustService.cs(94,32): error CS1503: Argument 1: cannot convert from 'System.Security.Cryptography.X509Certificates.X509Certificate' to 'System.Security.Cryptography.X509Certificates.X509Certificate2' [C:\Users\Admin\Downloads\Behavedr-main\Behavedr-main\src\Behavedr.Core\Behavedr.Core.csproj]
C:\Users\Admin\Downloads\Behavedr-main\Behavedr-main\src\Behavedr.Core\Monitors\LsassDumpMonitor.cs(62,29): error CS1069: The type name 'EventLogQuery' could not be found in the namespace 'System.Diagnostics.Eventing.Reader'. This type has been forwarded to assembly 'System.Diagnostics.EventLog, Version=0.0.0.0, Culture=neutral, PublicKeyToken=cc7b13ffcd2ddd51' Consider adding a reference to that assembly. [C:\Users\Admin\Downloads\Behavedr-main\Behavedr-main\src\Behavedr.Core\Behavedr.Core.csproj]
C:\Users\Admin\Downloads\Behavedr-main\Behavedr-main\src\Behavedr.Core\Monitors\LsassDumpMonitor.cs(64,17): error CS0103: The name 'PathType' does not exist in the current context [C:\Users\Admin\Downloads\Behavedr-main\Behavedr-main\src\Behavedr.Core\Behavedr.Core.csproj]
C:\Users\Admin\Downloads\Behavedr-main\Behavedr-main\src\Behavedr.Core\Monitors\LsassDumpMonitor.cs(67,36): error CS1069: The type name 'EventLogReader' could not be found in the namespace 'System.Diagnostics.Eventing.Reader'. This type has been forwarded to assembly 'System.Diagnostics.EventLog, Version=0.0.0.0, Culture=neutral, PublicKeyToken=cc7b13ffcd2ddd51' Consider adding a reference to that assembly. [C:\Users\Admin\Downloads\Behavedr-main\Behavedr-main\src\Behavedr.Core\Behavedr.Core.csproj]
C:\Users\Admin\Downloads\Behavedr-main\Behavedr-main\src\Behavedr.Core\Monitors\LsassDumpMonitor.cs(68,13): error CS1069: The type name 'EventRecord' could not be found in the namespace 'System.Diagnostics.Eventing.Reader'. This type has been forwarded to assembly 'System.Diagnostics.EventLog, Version=0.0.0.0, Culture=neutral, PublicKeyToken=cc7b13ffcd2ddd51' Consider adding a reference to that assembly. [C:\Users\Admin\Downloads\Behavedr-main\Behavedr-main\src\Behavedr.Core\Behavedr.Core.csproj]
C:\Users\Admin\Downloads\Behavedr-main\Behavedr-main\src\Behavedr.Core\Monitors\LsassDumpMonitor.cs(71,24): error CS1674: 'EventRecord?': type used in a using statement must implement 'System.IDisposable'. [C:\Users\Admin\Downloads\Behavedr-main\Behavedr-main\src\Behavedr.Core\Behavedr.Core.csproj]
C:\Users\Admin\Downloads\Behavedr-main\Behavedr-main\src\Behavedr.Core\Monitors\LsassDumpMonitor.cs(73,32): error CS1061: 'EventRecord?' does not contain a definition for 'TimeCreated' and no accessible extension method 'TimeCreated' accepting a first argument of type 'EventRecord?' could be found (are you missing a using directive or an assembly reference?) [C:\Users\Admin\Downloads\Behavedr-main\Behavedr-main\src\Behavedr.Core\Behavedr.Core.csproj]
C:\Users\Admin\Downloads\Behavedr-main\Behavedr-main\src\Behavedr.Core\Monitors\LsassDumpMonitor.cs(75,38): error CS1061: 'EventRecord?' does not contain a definition for 'ToXml' and no accessible extension method 'ToXml' accepting a first argument of type 'EventRecord?' could be found (are you missing a using directive or an assembly reference?) [C:\Users\Admin\Downloads\Behavedr-main\Behavedr-main\src\Behavedr.Core\Behavedr.Core.csproj]
C:\Users\Admin\Downloads\Behavedr-main\Behavedr-main\src\Behavedr.Core\Monitors\LsassDumpMonitor.cs(109,16): error CS1069: The type name 'EventLogNotFoundException' could not be found in the namespace 'System.Diagnostics.Eventing.Reader'. This type has been forwarded to assembly 'System.Diagnostics.EventLog, Version=0.0.0.0, Culture=neutral, PublicKeyToken=cc7b13ffcd2ddd51' Consider adding a reference to that assembly. [C:\Users\Admin\Downloads\Behavedr-main\Behavedr-main\src\Behavedr.Core\Behavedr.Core.csproj]
C:\Users\Admin\Downloads\Behavedr-main\Behavedr-main\src\Behavedr.Core\Monitors\LsassDumpMonitor.cs(124,29): error CS1069: The type name 'EventLogQuery' could not be found in the namespace 'System.Diagnostics.Eventing.Reader'. This type has been forwarded to assembly 'System.Diagnostics.EventLog, Version=0.0.0.0, Culture=neutral, PublicKeyToken=cc7b13ffcd2ddd51' Consider adding a reference to that assembly. [C:\Users\Admin\Downloads\Behavedr-main\Behavedr-main\src\Behavedr.Core\Behavedr.Core.csproj]
C:\Users\Admin\Downloads\Behavedr-main\Behavedr-main\src\Behavedr.Core\Monitors\LsassDumpMonitor.cs(124,55): error CS0103: The name 'PathType' does not exist in the current context [C:\Users\Admin\Downloads\Behavedr-main\Behavedr-main\src\Behavedr.Core\Behavedr.Core.csproj]
C:\Users\Admin\Downloads\Behavedr-main\Behavedr-main\src\Behavedr.Core\Monitors\LsassDumpMonitor.cs(127,36): error CS1069: The type name 'EventLogReader' could not be found in the namespace 'System.Diagnostics.Eventing.Reader'. This type has been forwarded to assembly 'System.Diagnostics.EventLog, Version=0.0.0.0, Culture=neutral, PublicKeyToken=cc7b13ffcd2ddd51' Consider adding a reference to that assembly. [C:\Users\Admin\Downloads\Behavedr-main\Behavedr-main\src\Behavedr.Core\Behavedr.Core.csproj]
C:\Users\Admin\Downloads\Behavedr-main\Behavedr-main\src\Behavedr.Core\Monitors\LsassDumpMonitor.cs(128,13): error CS1069: The type name 'EventRecord' could not be found in the namespace 'System.Diagnostics.Eventing.Reader'. This type has been forwarded to assembly 'System.Diagnostics.EventLog, Version=0.0.0.0, Culture=neutral, PublicKeyToken=cc7b13ffcd2ddd51' Consider adding a reference to that assembly. [C:\Users\Admin\Downloads\Behavedr-main\Behavedr-main\src\Behavedr.Core\Behavedr.Core.csproj]
C:\Users\Admin\Downloads\Behavedr-main\Behavedr-main\src\Behavedr.Core\Monitors\LsassDumpMonitor.cs(131,24): error CS1674: 'EventRecord?': type used in a using statement must implement 'System.IDisposable'. [C:\Users\Admin\Downloads\Behavedr-main\Behavedr-main\src\Behavedr.Core\Behavedr.Core.csproj]
C:\Users\Admin\Downloads\Behavedr-main\Behavedr-main\src\Behavedr.Core\Monitors\LsassDumpMonitor.cs(133,38): error CS1061: 'EventRecord?' does not contain a definition for 'ToXml' and no accessible extension method 'ToXml' accepting a first argument of type 'EventRecord?' could be found (are you missing a using directive or an assembly reference?) [C:\Users\Admin\Downloads\Behavedr-main\Behavedr-main\src\Behavedr.Core\Behavedr.Core.csproj]
C:\Users\Admin\Downloads\Behavedr-main\Behavedr-main\src\Behavedr.Core\Monitors\LsassDumpMonitor.cs(156,29): error CS1069: The type name 'EventLogQuery' could not be found in the namespace 'System.Diagnostics.Eventing.Reader'. This type has been forwarded to assembly 'System.Diagnostics.EventLog, Version=0.0.0.0, Culture=neutral, PublicKeyToken=cc7b13ffcd2ddd51' Consider adding a reference to that assembly. [C:\Users\Admin\Downloads\Behavedr-main\Behavedr-main\src\Behavedr.Core\Behavedr.Core.csproj]
C:\Users\Admin\Downloads\Behavedr-main\Behavedr-main\src\Behavedr.Core\Monitors\LsassDumpMonitor.cs(158,17): error CS0103: The name 'PathType' does not exist in the current context [C:\Users\Admin\Downloads\Behavedr-main\Behavedr-main\src\Behavedr.Core\Behavedr.Core.csproj]
C:\Users\Admin\Downloads\Behavedr-main\Behavedr-main\src\Behavedr.Core\Monitors\LsassDumpMonitor.cs(161,36): error CS1069: The type name 'EventLogReader' could not be found in the namespace 'System.Diagnostics.Eventing.Reader'. This type has been forwarded to assembly 'System.Diagnostics.EventLog, Version=0.0.0.0, Culture=neutral, PublicKeyToken=cc7b13ffcd2ddd51' Consider adding a reference to that assembly. [C:\Users\Admin\Downloads\Behavedr-main\Behavedr-main\src\Behavedr.Core\Behavedr.Core.csproj]
C:\Users\Admin\Downloads\Behavedr-main\Behavedr-main\src\Behavedr.Core\Monitors\LsassDumpMonitor.cs(162,13): error CS1069: The type name 'EventRecord' could not be found in the namespace 'System.Diagnostics.Eventing.Reader'. This type has been forwarded to assembly 'System.Diagnostics.EventLog, Version=0.0.0.0, Culture=neutral, PublicKeyToken=cc7b13ffcd2ddd51' Consider adding a reference to that assembly. [C:\Users\Admin\Downloads\Behavedr-main\Behavedr-main\src\Behavedr.Core\Behavedr.Core.csproj]
C:\Users\Admin\Downloads\Behavedr-main\Behavedr-main\src\Behavedr.Core\Monitors\LsassDumpMonitor.cs(165,24): error CS1674: 'EventRecord?': type used in a using statement must implement 'System.IDisposable'. [C:\Users\Admin\Downloads\Behavedr-main\Behavedr-main\src\Behavedr.Core\Behavedr.Core.csproj]
C:\Users\Admin\Downloads\Behavedr-main\Behavedr-main\src\Behavedr.Core\Monitors\LsassDumpMonitor.cs(167,38): error CS1061: 'EventRecord?' does not contain a definition for 'ToXml' and no accessible extension method 'ToXml' accepting a first argument of type 'EventRecord?' could be found (are you missing a using directive or an assembly reference?) [C:\Users\Admin\Downloads\Behavedr-main\Behavedr-main\src\Behavedr.Core\Behavedr.Core.csproj]
C:\Users\Admin\Downloads\Behavedr-main\Behavedr-main\src\Behavedr.Core\Monitors\LsassDumpMonitor.cs(170,50): error CS1061: 'EventRecord?' does not contain a definition for 'TimeCreated' and no accessible extension method 'TimeCreated' accepting a first argument of type 'EventRecord?' could be found (are you missing a using directive or an assembly reference?) [C:\Users\Admin\Downloads\Behavedr-main\Behavedr-main\src\Behavedr.Core\Behavedr.Core.csproj]
    0 Warning(s)
    23 Error(s)

Time Elapsed 00:00:00.91
