  Behavedr.Core -> C:\Users\Admin\Downloads\Behavedr-main\Behavedr-main\src\Behavedr.Core\bin\Release\net10.0\Behavedr.Core.dll
C:\Users\Admin\Downloads\Behavedr-main\Behavedr-main\tests\Behavedr.Tests\DetectionEngineTests.cs(99,22): warning CS0618: 'DetectionEngine.ProcessEvent(DetectionEvent)' is obsolete: 'Use ProcessEventAsync instead. Sync-over-async can cause deadlocks.' [C:\Users\Admin\Downloads\Behavedr-main\Behavedr-main\tests\Behavedr.Tests\Behavedr.Tests.csproj]
  Behavedr.Tests -> C:\Users\Admin\Downloads\Behavedr-main\Behavedr-main\tests\Behavedr.Tests\bin\Release\net10.0\Behavedr.Tests.dll
Test run for C:\Users\Admin\Downloads\Behavedr-main\Behavedr-main\tests\Behavedr.Tests\bin\Release\net10.0\Behavedr.Tests.dll (.NETCoreApp,Version=v10.0)
A total of 1 test files matched the specified pattern.

Passed!  - Failed:     0, Passed:    49, Skipped:     0, Total:    49, Duration: 583 ms - Behavedr.Tests.dll (net10.0)
